// Vitest Snapshot v1, https://vitest.dev/guide/snapshot.html

exports[`中間段で 0–1 クランプしない（§5.4 複合モード C） > 露出差の大きい複合ペアの LUT スナップショット（中間クランプ混入で変化） 1`] = `
{
  "0,0,0": [
    0,
    0,
    0,
  ],
  "16,0,8": [
    0.99906,
    0,
    0.99912,
  ],
  "16,16,16": [
    1,
    1,
    1,
  ],
  "2,14,6": [
    0.72863,
    0.99867,
    0.97865,
  ],
  "8,8,8": [
    1,
    0.99989,
    0.99938,
  ],
}
`;
